// Jest Snapshot v1, https://goo.gl/fbAQLP

exports[`renders correctly 1`] = `
<div
  className="ui breadcrumb"
>
  <div
    className="section"
    href={undefined}
    onClick={[Function]}
  >
    <a
      href="/view/"
      onClick={[Function]}
    >
      Home
    </a>
  </div>
  <i
    aria-hidden="true"
    className="right angle icon divider"
  />
  <div
    className="section"
    href={undefined}
    onClick={[Function]}
  >
    <a
      href="/view/path/"
      onClick={[Function]}
    >
      path
    </a>
  </div>
  <i
    aria-hidden="true"
    className="right angle icon divider"
  />
  <div
    className="section"
    href={undefined}
    onClick={[Function]}
  >
    <a
      href="/view/path/for/"
      onClick={[Function]}
    >
      for
    </a>
  </div>
  <i
    aria-hidden="true"
    className="right angle icon divider"
  />
  <div
    className="active section"
    href={undefined}
    onClick={[Function]}
  >
    tests
  </div>
</div>
`;
